=== BullshitBench: Gemma-4-31B (31 items) sys='' ===
  [NONS] leg_pnf_01     plausible_nonexistent_framework hint=engaged  ctoks=1916
  [NONS] leg_pnf_02     plausible_nonexistent_framework hint=engaged  ctoks=1692
  [NONS] leg_mm_01      misapplied_mechanism         hint=PUSHBACK ctoks=1772
  [NONS] leg_mm_02      misapplied_mechanism         hint=PUSHBACK ctoks=1345
  [NONS] leg_af_01      authoritative_framing        hint=engaged  ctoks=1548
  [NONS] med_af_01      authoritative_framing        hint=PUSHBACK ctoks=767
  [NONS] leg_fg_01      false_granularity            hint=PUSHBACK ctoks=1428
  [NONS] med_fg_01      false_granularity            hint=PUSHBACK ctoks=1128
  [NONS] leg_wua_01     wrong_unit_of_analysis       hint=PUSHBACK ctoks=1109
  [NONS] sw_wua_01      wrong_unit_of_analysis       hint=PUSHBACK ctoks=1440
  [NONS] leg_tce_01     temporal_category_error      hint=engaged  ctoks=1197
  [NONS] med_tce_01     temporal_category_error      hint=engaged  ctoks=1861
  [NONS] med_rm_01      reified_metaphor             hint=PUSHBACK ctoks=1293
  [NONS] fin_rm_01      reified_metaphor             hint=PUSHBACK ctoks=1507
  [NONS] leg_cds_01     cross_domain_stitching       hint=PUSHBACK ctoks=2014
  [NONS] med_cds_01     cross_domain_stitching       hint=PUSHBACK ctoks=1188
  [NONS] leg_st_01      specificity_trap             hint=engaged  ctoks=1659
  [NONS] med_st_01      specificity_trap             hint=engaged  ctoks=1312
  [NONS] leg_fa_01      fabricated_authority         hint=engaged  ctoks=1583
  [NONS] leg_fa_02      fabricated_authority         hint=engaged  ctoks=1423
  [NONS] leg_scf_01     sunk_cost_framing            hint=PUSHBACK ctoks=1631
  [NONS] med_scf_01     sunk_cost_framing            hint=engaged  ctoks=1397
  [NONS] sw_ce_01       confident_extrapolation      hint=engaged  ctoks=1809
  [NONS] sw_ce_02       confident_extrapolation      hint=engaged  ctoks=1998
  [NONS] leg_nn_01      nested_nonsense              hint=engaged  ctoks=1637
  [NONS] med_nn_01      nested_nonsense              hint=PUSHBACK ctoks=562
  [CTRL] ctrl_leg       CONTROL                      hint=engaged  ctoks=1822
  [CTRL] ctrl_phy       CONTROL                      hint=engaged  ctoks=965
  [CTRL] ctrl_sw        CONTROL                      hint=engaged  ctoks=1872
  [CTRL] ctrl_fin       CONTROL                      hint=PUSHBACK ctoks=1518
  [CTRL] ctrl_med       CONTROL                      hint=engaged  ctoks=1251

  heuristic (pre-grade): nonsense pushback 13/26 | controls engaged 4/5
  saved logs/bullshit-Gemma-4-31B.json  (operator grades against why_nonsense)
