This is pdfTeX, Version 3.141592653-2.6-1.40.27 (TeX Live 2025/nixos.org) (preloaded format=pdflatex 1980.1.1)  18 AUG 2026 12:17
entering extended mode
 restricted \write18 enabled.
 %&-line parsing enabled.
**main.tex
(./main.tex
LaTeX2e <2025-11-01>
L3 programming layer <2026-01-19>

(/nix/store/nzbg9jc7zxcp7nj518xkgiq9nq9hljm5-texlive-2025-r78234-final-env-texm
fdist/tex/latex/base/article.cls
Document Class: article 2025/01/22 v1.4n Standard LaTeX document class

(/nix/store/nzbg9jc7zxcp7nj518xkgiq9nq9hljm5-texlive-2025-r78234-final-env-texm
fdist/tex/latex/base/size11.clo
File: size11.clo 2025/01/22 v1.4n Standard LaTeX file (size option)
)
\c@part=\count275
\c@section=\count276
\c@subsection=\count277
\c@subsubsection=\count278
\c@paragraph=\count279
\c@subparagraph=\count280
\c@figure=\count281
\c@table=\count282
\abovecaptionskip=\skip49
\belowcaptionskip=\skip50
\bibindent=\dimen148
)
(/nix/store/nzbg9jc7zxcp7nj518xkgiq9nq9hljm5-texlive-2025-r78234-final-env-texm
fdist/tex/latex/geometry/geometry.sty
Package: geometry 2020/01/02 v5.9 Page Geometry

(/nix/store/nzbg9jc7zxcp7nj518xkgiq9nq9hljm5-texlive-2025-r78234-final-env-texm
fdist/tex/latex/graphics/keyval.sty
Package: keyval 2022/05/29 v1.15 key=value parser (DPC)
\KV@toks@=\toks17
)
(/nix/store/nzbg9jc7zxcp7nj518xkgiq9nq9hljm5-texlive-2025-r78234-final-env-texm
fdist/tex/generic/iftex/ifvtex.sty
Package: ifvtex 2019/10/25 v1.7 ifvtex legacy package. Use iftex instead.

(/nix/store/nzbg9jc7zxcp7nj518xkgiq9nq9hljm5-texlive-2025-r78234-final-env-texm
fdist/tex/generic/iftex/iftex.sty
Package: iftex 2024/12/12 v1.0g TeX engine tests
))
\Gm@cnth=\count283
\Gm@cntv=\count284
\c@Gm@tempcnt=\count285
\Gm@bindingoffset=\dimen149
\Gm@wd@mp=\dimen150
\Gm@odd@mp=\dimen151
\Gm@even@mp=\dimen152
\Gm@layoutwidth=\dimen153
\Gm@layoutheight=\dimen154
\Gm@layouthoffset=\dimen155
\Gm@layoutvoffset=\dimen156
\Gm@dimlist=\toks18
)
(/nix/store/nzbg9jc7zxcp7nj518xkgiq9nq9hljm5-texlive-2025-r78234-final-env-texm
fdist/tex/latex/base/fontenc.sty
Package: fontenc 2025/07/18 v2.1d Standard LaTeX package
)
(/nix/store/nzbg9jc7zxcp7nj518xkgiq9nq9hljm5-texlive-2025-r78234-final-env-texm
fdist/tex/latex/lm/lmodern.sty
Package: lmodern 2015/05/01 v1.6.1 Latin Modern Fonts
LaTeX Font Info:    Overwriting symbol font `operators' in version `normal'
(Font)                  OT1/cmr/m/n --> OT1/lmr/m/n on input line 22.
LaTeX Font Info:    Overwriting symbol font `letters' in version `normal'
(Font)                  OML/cmm/m/it --> OML/lmm/m/it on input line 23.
LaTeX Font Info:    Overwriting symbol font `symbols' in version `normal'
(Font)                  OMS/cmsy/m/n --> OMS/lmsy/m/n on input line 24.
LaTeX Font Info:    Overwriting symbol font `largesymbols' in version `normal'
(Font)                  OMX/cmex/m/n --> OMX/lmex/m/n on input line 25.
LaTeX Font Info:    Overwriting symbol font `operators' in version `bold'
(Font)                  OT1/cmr/bx/n --> OT1/lmr/bx/n on input line 26.
LaTeX Font Info:    Overwriting symbol font `letters' in version `bold'
(Font)                  OML/cmm/b/it --> OML/lmm/b/it on input line 27.
LaTeX Font Info:    Overwriting symbol font `symbols' in version `bold'
(Font)                  OMS/cmsy/b/n --> OMS/lmsy/b/n on input line 28.
LaTeX Font Info:    Overwriting symbol font `largesymbols' in version `bold'
(Font)                  OMX/cmex/m/n --> OMX/lmex/m/n on input line 29.
LaTeX Font Info:    Overwriting math alphabet `\mathbf' in version `normal'
(Font)                  OT1/cmr/bx/n --> OT1/lmr/bx/n on input line 31.
LaTeX Font Info:    Overwriting math alphabet `\mathsf' in version `normal'
(Font)                  OT1/cmss/m/n --> OT1/lmss/m/n on input line 32.
LaTeX Font Info:    Overwriting math alphabet `\mathit' in version `normal'
(Font)                  OT1/cmr/m/it --> OT1/lmr/m/it on input line 33.
LaTeX Font Info:    Overwriting math alphabet `\mathtt' in version `normal'
(Font)                  OT1/cmtt/m/n --> OT1/lmtt/m/n on input line 34.
LaTeX Font Info:    Overwriting math alphabet `\mathbf' in version `bold'
(Font)                  OT1/cmr/bx/n --> OT1/lmr/bx/n on input line 35.
LaTeX Font Info:    Overwriting math alphabet `\mathsf' in version `bold'
(Font)                  OT1/cmss/bx/n --> OT1/lmss/bx/n on input line 36.
LaTeX Font Info:    Overwriting math alphabet `\mathit' in version `bold'
(Font)                  OT1/cmr/bx/it --> OT1/lmr/bx/it on input line 37.
LaTeX Font Info:    Overwriting math alphabet `\mathtt' in version `bold'
(Font)                  OT1/cmtt/m/n --> OT1/lmtt/m/n on input line 38.
)
(/nix/store/nzbg9jc7zxcp7nj518xkgiq9nq9hljm5-texlive-2025-r78234-final-env-texm
fdist/tex/latex/amsfonts/amssymb.sty
Package: amssymb 2013/01/14 v3.01 AMS font symbols

(/nix/store/nzbg9jc7zxcp7nj518xkgiq9nq9hljm5-texlive-2025-r78234-final-env-texm
fdist/tex/latex/amsfonts/amsfonts.sty
Package: amsfonts 2013/01/14 v3.01 Basic AMSFonts support
\@emptytoks=\toks19
\symAMSa=\mathgroup4
\symAMSb=\mathgroup5
LaTeX Font Info:    Redeclaring math symbol \hbar on input line 98.
LaTeX Font Info:    Overwriting math alphabet `\mathfrak' in version `bold'
(Font)                  U/euf/m/n --> U/euf/b/n on input line 106.
))
(/nix/store/nzbg9jc7zxcp7nj518xkgiq9nq9hljm5-texlive-2025-r78234-final-env-texm
fdist/tex/latex/amsmath/amsmath.sty
Package: amsmath 2025/07/09 v2.17z AMS math features
\@mathmargin=\skip51

For additional information on amsmath, use the `?' option.

(/nix/store/nzbg9jc7zxcp7nj518xkgiq9nq9hljm5-texlive-2025-r78234-final-env-texm
fdist/tex/latex/amsmath/amstext.sty
Package: amstext 2024/11/17 v2.01 AMS text

(/nix/store/nzbg9jc7zxcp7nj518xkgiq9nq9hljm5-texlive-2025-r78234-final-env-texm
fdist/tex/latex/amsmath/amsgen.sty
File: amsgen.sty 1999/11/30 v2.0 generic functions
\@emptytoks=\toks20
\ex@=\dimen157
))
(/nix/store/nzbg9jc7zxcp7nj518xkgiq9nq9hljm5-texlive-2025-r78234-final-env-texm
fdist/tex/latex/amsmath/amsbsy.sty
Package: amsbsy 1999/11/29 v1.2d Bold Symbols
\pmbraise@=\dimen158
)
(/nix/store/nzbg9jc7zxcp7nj518xkgiq9nq9hljm5-texlive-2025-r78234-final-env-texm
fdist/tex/latex/amsmath/amsopn.sty
Package: amsopn 2022/04/08 v2.04 operator names
)
\inf@bad=\count286
LaTeX Info: Redefining \frac on input line 233.
\uproot@=\count287
\leftroot@=\count288
LaTeX Info: Redefining \overline on input line 398.
LaTeX Info: Redefining \colon on input line 409.
\classnum@=\count289
\DOTSCASE@=\count290
LaTeX Info: Redefining \ldots on input line 495.
LaTeX Info: Redefining \dots on input line 498.
LaTeX Info: Redefining \cdots on input line 619.
\Mathstrutbox@=\box53
\strutbox@=\box54
LaTeX Info: Redefining \big on input line 721.
LaTeX Info: Redefining \Big on input line 722.
LaTeX Info: Redefining \bigg on input line 723.
LaTeX Info: Redefining \Bigg on input line 724.
\big@size=\dimen159
LaTeX Font Info:    Redeclaring font encoding OML on input line 742.
LaTeX Font Info:    Redeclaring font encoding OMS on input line 743.
\macc@depth=\count291
LaTeX Info: Redefining \bmod on input line 904.
LaTeX Info: Redefining \pmod on input line 909.
LaTeX Info: Redefining \smash on input line 939.
LaTeX Info: Redefining \relbar on input line 969.
LaTeX Info: Redefining \Relbar on input line 970.
\c@MaxMatrixCols=\count292
\dotsspace@=\muskip17
\c@parentequation=\count293
\dspbrk@lvl=\count294
\tag@help=\toks21
\row@=\count295
\column@=\count296
\maxfields@=\count297
\andhelp@=\toks22
\eqnshift@=\dimen160
\alignsep@=\dimen161
\tagshift@=\dimen162
\tagwidth@=\dimen163
\totwidth@=\dimen164
\lineht@=\dimen165
\@envbody=\toks23
\multlinegap=\skip52
\multlinetaggap=\skip53
\mathdisplay@stack=\toks24
LaTeX Info: Redefining \[ on input line 2950.
LaTeX Info: Redefining \] on input line 2951.
)
(/nix/store/nzbg9jc7zxcp7nj518xkgiq9nq9hljm5-texlive-2025-r78234-final-env-texm
fdist/tex/latex/microtype/microtype.sty
Package: microtype 2026/03/01 v3.2d Micro-typographical refinements (RS)

(/nix/store/nzbg9jc7zxcp7nj518xkgiq9nq9hljm5-texlive-2025-r78234-final-env-texm
fdist/tex/latex/etoolbox/etoolbox.sty
Package: etoolbox 2025/10/02 v2.5m e-TeX tools for LaTeX (JAW)
\etb@tempcnta=\count298
)
\MT@toks=\toks25
\MT@tempbox=\box55
\MT@count=\count299
LaTeX Info: Redefining \noprotrusionifhmode on input line 1084.
LaTeX Info: Redefining \leftprotrusion on input line 1085.
\MT@prot@toks=\toks26
LaTeX Info: Redefining \rightprotrusion on input line 1104.
LaTeX Info: Redefining \textls on input line 1449.
\MT@outer@kern=\dimen166
LaTeX Info: Redefining \microtypecontext on input line 2053.
LaTeX Info: Redefining \textmicrotypecontext on input line 2070.
\MT@listname@count=\count300

(/nix/store/nzbg9jc7zxcp7nj518xkgiq9nq9hljm5-texlive-2025-r78234-final-env-texm
fdist/tex/latex/microtype/microtype-pdftex.def
File: microtype-pdftex.def 2026/03/01 v3.2d Definitions specific to pdftex (RS)

LaTeX Info: Redefining \lsstyle on input line 944.
LaTeX Info: Redefining \lslig on input line 944.
\MT@outer@space=\skip54
)
Package microtype Info: Loading configuration file microtype.cfg.

(/nix/store/nzbg9jc7zxcp7nj518xkgiq9nq9hljm5-texlive-2025-r78234-final-env-texm
fdist/tex/latex/microtype/microtype.cfg
File: microtype.cfg 2026/03/01 v3.2d microtype main configuration file (RS)
)
LaTeX Info: Redefining \microtypesetup on input line 3065.
)
(/nix/store/nzbg9jc7zxcp7nj518xkgiq9nq9hljm5-texlive-2025-r78234-final-env-texm
fdist/tex/latex/pgfplots/pgfplots.sty
(/nix/store/nzbg9jc7zxcp7nj518xkgiq9nq9hljm5-texlive-2025-r78234-final-env-texm
fdist/tex/generic/pgfplots/pgfplots.revision.tex)
Package: pgfplots 2025/08/14 v1.18.2 Data Visualization (1.18.2)

(/nix/store/nzbg9jc7zxcp7nj518xkgiq9nq9hljm5-texlive-2025-r78234-final-env-texm
fdist/tex/latex/graphics/graphicx.sty
Package: graphicx 2024/12/31 v1.2e Enhanced LaTeX Graphics (DPC,SPQR)

(/nix/store/nzbg9jc7zxcp7nj518xkgiq9nq9hljm5-texlive-2025-r78234-final-env-texm
fdist/tex/latex/graphics/graphics.sty
Package: graphics 2024/08/06 v1.4g Standard LaTeX Graphics (DPC,SPQR)

(/nix/store/nzbg9jc7zxcp7nj518xkgiq9nq9hljm5-texlive-2025-r78234-final-env-texm
fdist/tex/latex/graphics/trig.sty
Package: trig 2023/12/02 v1.11 sin cos tan (DPC)
)
(/nix/store/nzbg9jc7zxcp7nj518xkgiq9nq9hljm5-texlive-2025-r78234-final-env-texm
fdist/tex/latex/graphics-cfg/graphics.cfg
File: graphics.cfg 2016/06/04 v1.11 sample graphics configuration
)
Package graphics Info: Driver file: pdftex.def on input line 106.

(/nix/store/nzbg9jc7zxcp7nj518xkgiq9nq9hljm5-texlive-2025-r78234-final-env-texm
fdist/tex/latex/graphics-def/pdftex.def
File: pdftex.def 2025/09/29 v1.2d Graphics/color driver for pdftex
))
\Gin@req@height=\dimen167
\Gin@req@width=\dimen168
)
(/nix/store/nzbg9jc7zxcp7nj518xkgiq9nq9hljm5-texlive-2025-r78234-final-env-texm
fdist/tex/latex/pgf/frontendlayer/tikz.sty
(/nix/store/nzbg9jc7zxcp7nj518xkgiq9nq9hljm5-texlive-2025-r78234-final-env-texm
fdist/tex/latex/pgf/basiclayer/pgf.sty
(/nix/store/nzbg9jc7zxcp7nj518xkgiq9nq9hljm5-texlive-2025-r78234-final-env-texm
fdist/tex/latex/pgf/utilities/pgfrcs.sty
(/nix/store/nzbg9jc7zxcp7nj518xkgiq9nq9hljm5-texlive-2025-r78234-final-env-texm
fdist/tex/generic/pgf/utilities/pgfutil-common.tex
\pgfutil@everybye=\toks27
\pgfutil@tempdima=\dimen169
\pgfutil@tempdimb=\dimen170
)
(/nix/store/nzbg9jc7zxcp7nj518xkgiq9nq9hljm5-texlive-2025-r78234-final-env-texm
fdist/tex/generic/pgf/utilities/pgfutil-latex.def
\pgfutil@abb=\box56
)
(/nix/store/nzbg9jc7zxcp7nj518xkgiq9nq9hljm5-texlive-2025-r78234-final-env-texm
fdist/tex/generic/pgf/utilities/pgfrcs.code.tex
(/nix/store/nzbg9jc7zxcp7nj518xkgiq9nq9hljm5-texlive-2025-r78234-final-env-texm
fdist/tex/generic/pgf/pgf.revision.tex)
Package: pgfrcs 2025-08-29 v3.1.11a (3.1.11a)
))
Package: pgf 2025-08-29 v3.1.11a (3.1.11a)

(/nix/store/nzbg9jc7zxcp7nj518xkgiq9nq9hljm5-texlive-2025-r78234-final-env-texm
fdist/tex/latex/pgf/basiclayer/pgfcore.sty
(/nix/store/nzbg9jc7zxcp7nj518xkgiq9nq9hljm5-texlive-2025-r78234-final-env-texm
fdist/tex/latex/pgf/systemlayer/pgfsys.sty
(/nix/store/nzbg9jc7zxcp7nj518xkgiq9nq9hljm5-texlive-2025-r78234-final-env-texm
fdist/tex/generic/pgf/systemlayer/pgfsys.code.tex
Package: pgfsys 2025-08-29 v3.1.11a (3.1.11a)

(/nix/store/nzbg9jc7zxcp7nj518xkgiq9nq9hljm5-texlive-2025-r78234-final-env-texm
fdist/tex/generic/pgf/utilities/pgfkeys.code.tex
\pgfkeys@pathtoks=\toks28
\pgfkeys@temptoks=\toks29

(/nix/store/nzbg9jc7zxcp7nj518xkgiq9nq9hljm5-texlive-2025-r78234-final-env-texm
fdist/tex/generic/pgf/utilities/pgfkeyslibraryfiltered.code.tex
\pgfkeys@tmptoks=\toks30
))
\pgf@x=\dimen171
\pgf@y=\dimen172
\pgf@xa=\dimen173
\pgf@ya=\dimen174
\pgf@xb=\dimen175
\pgf@yb=\dimen176
\pgf@xc=\dimen177
\pgf@yc=\dimen178
\pgf@xd=\dimen179
\pgf@yd=\dimen180
\w@pgf@writea=\write3
\r@pgf@reada=\read2
\c@pgf@counta=\count301
\c@pgf@countb=\count302
\c@pgf@countc=\count303
\c@pgf@countd=\count304
\t@pgf@toka=\toks31
\t@pgf@tokb=\toks32
\t@pgf@tokc=\toks33
\pgf@sys@id@count=\count305

(/nix/store/nzbg9jc7zxcp7nj518xkgiq9nq9hljm5-texlive-2025-r78234-final-env-texm
fdist/tex/generic/pgf/systemlayer/pgf.cfg
File: pgf.cfg 2025-08-29 v3.1.11a (3.1.11a)
)
Driver file for pgf: pgfsys-pdftex.def

(/nix/store/nzbg9jc7zxcp7nj518xkgiq9nq9hljm5-texlive-2025-r78234-final-env-texm
fdist/tex/generic/pgf/systemlayer/pgfsys-pdftex.def
File: pgfsys-pdftex.def 2025-08-29 v3.1.11a (3.1.11a)

(/nix/store/nzbg9jc7zxcp7nj518xkgiq9nq9hljm5-texlive-2025-r78234-final-env-texm
fdist/tex/generic/pgf/systemlayer/pgfsys-common-pdf.def
File: pgfsys-common-pdf.def 2025-08-29 v3.1.11a (3.1.11a)
)))
(/nix/store/nzbg9jc7zxcp7nj518xkgiq9nq9hljm5-texlive-2025-r78234-final-env-texm
fdist/tex/generic/pgf/systemlayer/pgfsyssoftpath.code.tex
File: pgfsyssoftpath.code.tex 2025-08-29 v3.1.11a (3.1.11a)
\pgfsyssoftpath@smallbuffer@items=\count306
\pgfsyssoftpath@bigbuffer@items=\count307
)
(/nix/store/nzbg9jc7zxcp7nj518xkgiq9nq9hljm5-texlive-2025-r78234-final-env-texm
fdist/tex/generic/pgf/systemlayer/pgfsysprotocol.code.tex
File: pgfsysprotocol.code.tex 2025-08-29 v3.1.11a (3.1.11a)
))
(/nix/store/nzbg9jc7zxcp7nj518xkgiq9nq9hljm5-texlive-2025-r78234-final-env-texm
fdist/tex/latex/xcolor/xcolor.sty
Package: xcolor 2024/09/29 v3.02 LaTeX color extensions (UK)

(/nix/store/nzbg9jc7zxcp7nj518xkgiq9nq9hljm5-texlive-2025-r78234-final-env-texm
fdist/tex/latex/graphics-cfg/color.cfg
File: color.cfg 2016/01/02 v1.6 sample color configuration
)
Package xcolor Info: Driver file: pdftex.def on input line 274.

(/nix/store/nzbg9jc7zxcp7nj518xkgiq9nq9hljm5-texlive-2025-r78234-final-env-texm
fdist/tex/latex/graphics/mathcolor.ltx)
Package xcolor Info: Model `cmy' substituted by `cmy0' on input line 1349.
Package xcolor Info: Model `hsb' substituted by `rgb' on input line 1353.
Package xcolor Info: Model `RGB' extended on input line 1365.
Package xcolor Info: Model `HTML' substituted by `rgb' on input line 1367.
Package xcolor Info: Model `Hsb' substituted by `hsb' on input line 1368.
Package xcolor Info: Model `tHsb' substituted by `hsb' on input line 1369.
Package xcolor Info: Model `HSB' substituted by `hsb' on input line 1370.
Package xcolor Info: Model `Gray' substituted by `gray' on input line 1371.
Package xcolor Info: Model `wave' substituted by `hsb' on input line 1372.
)
(/nix/store/nzbg9jc7zxcp7nj518xkgiq9nq9hljm5-texlive-2025-r78234-final-env-texm
fdist/tex/generic/pgf/basiclayer/pgfcore.code.tex
Package: pgfcore 2025-08-29 v3.1.11a (3.1.11a)

(/nix/store/nzbg9jc7zxcp7nj518xkgiq9nq9hljm5-texlive-2025-r78234-final-env-texm
fdist/tex/generic/pgf/math/pgfmath.code.tex
(/nix/store/nzbg9jc7zxcp7nj518xkgiq9nq9hljm5-texlive-2025-r78234-final-env-texm
fdist/tex/generic/pgf/math/pgfmathutil.code.tex)
(/nix/store/nzbg9jc7zxcp7nj518xkgiq9nq9hljm5-texlive-2025-r78234-final-env-texm
fdist/tex/generic/pgf/math/pgfmathparser.code.tex
\pgfmath@dimen=\dimen181
\pgfmath@count=\count308
\pgfmath@box=\box57
\pgfmath@toks=\toks34
\pgfmath@stack@operand=\toks35
\pgfmath@stack@operation=\toks36
)
(/nix/store/nzbg9jc7zxcp7nj518xkgiq9nq9hljm5-texlive-2025-r78234-final-env-texm
fdist/tex/generic/pgf/math/pgfmathfunctions.code.tex)
(/nix/store/nzbg9jc7zxcp7nj518xkgiq9nq9hljm5-texlive-2025-r78234-final-env-texm
fdist/tex/generic/pgf/math/pgfmathfunctions.basic.code.tex)
(/nix/store/nzbg9jc7zxcp7nj518xkgiq9nq9hljm5-texlive-2025-r78234-final-env-texm
fdist/tex/generic/pgf/math/pgfmathfunctions.trigonometric.code.tex)
(/nix/store/nzbg9jc7zxcp7nj518xkgiq9nq9hljm5-texlive-2025-r78234-final-env-texm
fdist/tex/generic/pgf/math/pgfmathfunctions.random.code.tex)
(/nix/store/nzbg9jc7zxcp7nj518xkgiq9nq9hljm5-texlive-2025-r78234-final-env-texm
fdist/tex/generic/pgf/math/pgfmathfunctions.comparison.code.tex)
(/nix/store/nzbg9jc7zxcp7nj518xkgiq9nq9hljm5-texlive-2025-r78234-final-env-texm
fdist/tex/generic/pgf/math/pgfmathfunctions.base.code.tex)
(/nix/store/nzbg9jc7zxcp7nj518xkgiq9nq9hljm5-texlive-2025-r78234-final-env-texm
fdist/tex/generic/pgf/math/pgfmathfunctions.round.code.tex)
(/nix/store/nzbg9jc7zxcp7nj518xkgiq9nq9hljm5-texlive-2025-r78234-final-env-texm
fdist/tex/generic/pgf/math/pgfmathfunctions.misc.code.tex)
(/nix/store/nzbg9jc7zxcp7nj518xkgiq9nq9hljm5-texlive-2025-r78234-final-env-texm
fdist/tex/generic/pgf/math/pgfmathfunctions.integerarithmetics.code.tex)
(/nix/store/nzbg9jc7zxcp7nj518xkgiq9nq9hljm5-texlive-2025-r78234-final-env-texm
fdist/tex/generic/pgf/math/pgfmathcalc.code.tex)
(/nix/store/nzbg9jc7zxcp7nj518xkgiq9nq9hljm5-texlive-2025-r78234-final-env-texm
fdist/tex/generic/pgf/math/pgfmathfloat.code.tex
\c@pgfmathroundto@lastzeros=\count309
))
(/nix/store/nzbg9jc7zxcp7nj518xkgiq9nq9hljm5-texlive-2025-r78234-final-env-texm
fdist/tex/generic/pgf/math/pgfint.code.tex)
(/nix/store/nzbg9jc7zxcp7nj518xkgiq9nq9hljm5-texlive-2025-r78234-final-env-texm
fdist/tex/generic/pgf/basiclayer/pgfcorepoints.code.tex
File: pgfcorepoints.code.tex 2025-08-29 v3.1.11a (3.1.11a)
\pgf@picminx=\dimen182
\pgf@picmaxx=\dimen183
\pgf@picminy=\dimen184
\pgf@picmaxy=\dimen185
\pgf@pathminx=\dimen186
\pgf@pathmaxx=\dimen187
\pgf@pathminy=\dimen188
\pgf@pathmaxy=\dimen189
\pgf@xx=\dimen190
\pgf@xy=\dimen191
\pgf@yx=\dimen192
\pgf@yy=\dimen193
\pgf@zx=\dimen194
\pgf@zy=\dimen195
)
(/nix/store/nzbg9jc7zxcp7nj518xkgiq9nq9hljm5-texlive-2025-r78234-final-env-texm
fdist/tex/generic/pgf/basiclayer/pgfcorepathconstruct.code.tex
File: pgfcorepathconstruct.code.tex 2025-08-29 v3.1.11a (3.1.11a)
\pgf@path@lastx=\dimen196
\pgf@path@lasty=\dimen197
)
(/nix/store/nzbg9jc7zxcp7nj518xkgiq9nq9hljm5-texlive-2025-r78234-final-env-texm
fdist/tex/generic/pgf/basiclayer/pgfcorepathusage.code.tex
File: pgfcorepathusage.code.tex 2025-08-29 v3.1.11a (3.1.11a)
\pgf@shorten@end@additional=\dimen198
\pgf@shorten@start@additional=\dimen199
)
(/nix/store/nzbg9jc7zxcp7nj518xkgiq9nq9hljm5-texlive-2025-r78234-final-env-texm
fdist/tex/generic/pgf/basiclayer/pgfcorescopes.code.tex
File: pgfcorescopes.code.tex 2025-08-29 v3.1.11a (3.1.11a)
\pgfpic=\box58
\pgf@hbox=\box59
\pgf@layerbox@main=\box60
\pgf@picture@serial@count=\count310
)
(/nix/store/nzbg9jc7zxcp7nj518xkgiq9nq9hljm5-texlive-2025-r78234-final-env-texm
fdist/tex/generic/pgf/basiclayer/pgfcoregraphicstate.code.tex
File: pgfcoregraphicstate.code.tex 2025-08-29 v3.1.11a (3.1.11a)
\pgflinewidth=\dimen256
)
(/nix/store/nzbg9jc7zxcp7nj518xkgiq9nq9hljm5-texlive-2025-r78234-final-env-texm
fdist/tex/generic/pgf/basiclayer/pgfcoretransformations.code.tex
File: pgfcoretransformations.code.tex 2025-08-29 v3.1.11a (3.1.11a)
\pgf@pt@x=\dimen257
\pgf@pt@y=\dimen258
\pgf@pt@temp=\dimen259
)
(/nix/store/nzbg9jc7zxcp7nj518xkgiq9nq9hljm5-texlive-2025-r78234-final-env-texm
fdist/tex/generic/pgf/basiclayer/pgfcorequick.code.tex
File: pgfcorequick.code.tex 2025-08-29 v3.1.11a (3.1.11a)
)
(/nix/store/nzbg9jc7zxcp7nj518xkgiq9nq9hljm5-texlive-2025-r78234-final-env-texm
fdist/tex/generic/pgf/basiclayer/pgfcoreobjects.code.tex
File: pgfcoreobjects.code.tex 2025-08-29 v3.1.11a (3.1.11a)
)
(/nix/store/nzbg9jc7zxcp7nj518xkgiq9nq9hljm5-texlive-2025-r78234-final-env-texm
fdist/tex/generic/pgf/basiclayer/pgfcorepathprocessing.code.tex
File: pgfcorepathprocessing.code.tex 2025-08-29 v3.1.11a (3.1.11a)
)
(/nix/store/nzbg9jc7zxcp7nj518xkgiq9nq9hljm5-texlive-2025-r78234-final-env-texm
fdist/tex/generic/pgf/basiclayer/pgfcorearrows.code.tex
File: pgfcorearrows.code.tex 2025-08-29 v3.1.11a (3.1.11a)
\pgfarrowsep=\dimen260
)
(/nix/store/nzbg9jc7zxcp7nj518xkgiq9nq9hljm5-texlive-2025-r78234-final-env-texm
fdist/tex/generic/pgf/basiclayer/pgfcoreshade.code.tex
File: pgfcoreshade.code.tex 2025-08-29 v3.1.11a (3.1.11a)
\pgf@max=\dimen261
\pgf@sys@shading@range@num=\count311
\pgf@shadingcount=\count312
)
(/nix/store/nzbg9jc7zxcp7nj518xkgiq9nq9hljm5-texlive-2025-r78234-final-env-texm
fdist/tex/generic/pgf/basiclayer/pgfcoreimage.code.tex
File: pgfcoreimage.code.tex 2025-08-29 v3.1.11a (3.1.11a)
)
(/nix/store/nzbg9jc7zxcp7nj518xkgiq9nq9hljm5-texlive-2025-r78234-final-env-texm
fdist/tex/generic/pgf/basiclayer/pgfcoreexternal.code.tex
File: pgfcoreexternal.code.tex 2025-08-29 v3.1.11a (3.1.11a)
\pgfexternal@startupbox=\box61
)
(/nix/store/nzbg9jc7zxcp7nj518xkgiq9nq9hljm5-texlive-2025-r78234-final-env-texm
fdist/tex/generic/pgf/basiclayer/pgfcorelayers.code.tex
File: pgfcorelayers.code.tex 2025-08-29 v3.1.11a (3.1.11a)
)
(/nix/store/nzbg9jc7zxcp7nj518xkgiq9nq9hljm5-texlive-2025-r78234-final-env-texm
fdist/tex/generic/pgf/basiclayer/pgfcoretransparency.code.tex
File: pgfcoretransparency.code.tex 2025-08-29 v3.1.11a (3.1.11a)
)
(/nix/store/nzbg9jc7zxcp7nj518xkgiq9nq9hljm5-texlive-2025-r78234-final-env-texm
fdist/tex/generic/pgf/basiclayer/pgfcorepatterns.code.tex
File: pgfcorepatterns.code.tex 2025-08-29 v3.1.11a (3.1.11a)
)
(/nix/store/nzbg9jc7zxcp7nj518xkgiq9nq9hljm5-texlive-2025-r78234-final-env-texm
fdist/tex/generic/pgf/basiclayer/pgfcorerdf.code.tex
File: pgfcorerdf.code.tex 2025-08-29 v3.1.11a (3.1.11a)
)))
(/nix/store/nzbg9jc7zxcp7nj518xkgiq9nq9hljm5-texlive-2025-r78234-final-env-texm
fdist/tex/generic/pgf/modules/pgfmoduleshapes.code.tex
File: pgfmoduleshapes.code.tex 2025-08-29 v3.1.11a (3.1.11a)
\pgfnodeparttextbox=\box62
)
(/nix/store/nzbg9jc7zxcp7nj518xkgiq9nq9hljm5-texlive-2025-r78234-final-env-texm
fdist/tex/generic/pgf/modules/pgfmoduleplot.code.tex
File: pgfmoduleplot.code.tex 2025-08-29 v3.1.11a (3.1.11a)
)
(/nix/store/nzbg9jc7zxcp7nj518xkgiq9nq9hljm5-texlive-2025-r78234-final-env-texm
fdist/tex/latex/pgf/compatibility/pgfcomp-version-0-65.sty
Package: pgfcomp-version-0-65 2025-08-29 v3.1.11a (3.1.11a)
\pgf@nodesepstart=\dimen262
\pgf@nodesepend=\dimen263
)
(/nix/store/nzbg9jc7zxcp7nj518xkgiq9nq9hljm5-texlive-2025-r78234-final-env-texm
fdist/tex/latex/pgf/compatibility/pgfcomp-version-1-18.sty
Package: pgfcomp-version-1-18 2025-08-29 v3.1.11a (3.1.11a)
))
(/nix/store/nzbg9jc7zxcp7nj518xkgiq9nq9hljm5-texlive-2025-r78234-final-env-texm
fdist/tex/latex/pgf/utilities/pgffor.sty
(/nix/store/nzbg9jc7zxcp7nj518xkgiq9nq9hljm5-texlive-2025-r78234-final-env-texm
fdist/tex/latex/pgf/utilities/pgfkeys.sty
(/nix/store/nzbg9jc7zxcp7nj518xkgiq9nq9hljm5-texlive-2025-r78234-final-env-texm
fdist/tex/generic/pgf/utilities/pgfkeys.code.tex))
(/nix/store/nzbg9jc7zxcp7nj518xkgiq9nq9hljm5-texlive-2025-r78234-final-env-texm
fdist/tex/latex/pgf/math/pgfmath.sty
(/nix/store/nzbg9jc7zxcp7nj518xkgiq9nq9hljm5-texlive-2025-r78234-final-env-texm
fdist/tex/generic/pgf/math/pgfmath.code.tex))
(/nix/store/nzbg9jc7zxcp7nj518xkgiq9nq9hljm5-texlive-2025-r78234-final-env-texm
fdist/tex/generic/pgf/utilities/pgffor.code.tex
Package: pgffor 2025-08-29 v3.1.11a (3.1.11a)
\pgffor@iter=\dimen264
\pgffor@skip=\dimen265
\pgffor@stack=\toks37
\pgffor@toks=\toks38
))
(/nix/store/nzbg9jc7zxcp7nj518xkgiq9nq9hljm5-texlive-2025-r78234-final-env-texm
fdist/tex/generic/pgf/frontendlayer/tikz/tikz.code.tex
Package: tikz 2025-08-29 v3.1.11a (3.1.11a)

(/nix/store/nzbg9jc7zxcp7nj518xkgiq9nq9hljm5-texlive-2025-r78234-final-env-texm
fdist/tex/generic/pgf/libraries/pgflibraryplothandlers.code.tex
File: pgflibraryplothandlers.code.tex 2025-08-29 v3.1.11a (3.1.11a)
\pgf@plot@mark@count=\count313
\pgfplotmarksize=\dimen266
)
\tikz@lastx=\dimen267
\tikz@lasty=\dimen268
\tikz@lastxsaved=\dimen269
\tikz@lastysaved=\dimen270
\tikz@lastmovetox=\dimen271
\tikz@lastmovetoy=\dimen272
\tikzleveldistance=\dimen273
\tikzsiblingdistance=\dimen274
\tikz@figbox=\box63
\tikz@figbox@bg=\box64
\tikz@tempbox=\box65
\tikz@tempbox@bg=\box66
\tikztreelevel=\count314
\tikznumberofchildren=\count315
\tikznumberofcurrentchild=\count316
\tikz@fig@count=\count317

(/nix/store/nzbg9jc7zxcp7nj518xkgiq9nq9hljm5-texlive-2025-r78234-final-env-texm
fdist/tex/generic/pgf/modules/pgfmodulematrix.code.tex
File: pgfmodulematrix.code.tex 2025-08-29 v3.1.11a (3.1.11a)
\pgfmatrixcurrentrow=\count318
\pgfmatrixcurrentcolumn=\count319
\pgf@matrix@numberofcolumns=\count320
)
\tikz@expandcount=\count321

(/nix/store/nzbg9jc7zxcp7nj518xkgiq9nq9hljm5-texlive-2025-r78234-final-env-texm
fdist/tex/generic/pgf/frontendlayer/tikz/libraries/tikzlibrarytopaths.code.tex
File: tikzlibrarytopaths.code.tex 2025-08-29 v3.1.11a (3.1.11a)
)))
(/nix/store/nzbg9jc7zxcp7nj518xkgiq9nq9hljm5-texlive-2025-r78234-final-env-texm
fdist/tex/generic/pgfplots/pgfplots.code.tex
(/nix/store/nzbg9jc7zxcp7nj518xkgiq9nq9hljm5-texlive-2025-r78234-final-env-texm
fdist/tex/generic/pgfplots/pgfplotscore.code.tex
\t@pgfplots@toka=\toks39
\t@pgfplots@tokb=\toks40
\t@pgfplots@tokc=\toks41
\pgfplots@tmpa=\dimen275
\c@pgfplots@coordindex=\count322
\c@pgfplots@scanlineindex=\count323

(/nix/store/nzbg9jc7zxcp7nj518xkgiq9nq9hljm5-texlive-2025-r78234-final-env-texm
fdist/tex/generic/pgfplots/sys/pgfplotssysgeneric.code.tex))
(/nix/store/nzbg9jc7zxcp7nj518xkgiq9nq9hljm5-texlive-2025-r78234-final-env-texm
fdist/tex/generic/pgfplots/libs/pgfplotslibrary.code.tex)
(/nix/store/nzbg9jc7zxcp7nj518xkgiq9nq9hljm5-texlive-2025-r78234-final-env-texm
fdist/tex/generic/pgfplots/oldpgfcompatib/pgfplotsoldpgfsupp_loader.code.tex
(/nix/store/nzbg9jc7zxcp7nj518xkgiq9nq9hljm5-texlive-2025-r78234-final-env-texm
fdist/tex/generic/pgf/libraries/pgflibraryfpu.code.tex)
(/nix/store/nzbg9jc7zxcp7nj518xkgiq9nq9hljm5-texlive-2025-r78234-final-env-texm
fdist/tex/generic/pgfplots/oldpgfcompatib/pgfplotsoldpgfsupp_pgfutil-common-lis
ts.tex))
(/nix/store/nzbg9jc7zxcp7nj518xkgiq9nq9hljm5-texlive-2025-r78234-final-env-texm
fdist/tex/generic/pgfplots/util/pgfplotsutil.code.tex
(/nix/store/nzbg9jc7zxcp7nj518xkgiq9nq9hljm5-texlive-2025-r78234-final-env-texm
fdist/tex/generic/pgfplots/liststructure/pgfplotsliststructure.code.tex)
(/nix/store/nzbg9jc7zxcp7nj518xkgiq9nq9hljm5-texlive-2025-r78234-final-env-texm
fdist/tex/generic/pgfplots/liststructure/pgfplotsliststructureext.code.tex)
(/nix/store/nzbg9jc7zxcp7nj518xkgiq9nq9hljm5-texlive-2025-r78234-final-env-texm
fdist/tex/generic/pgfplots/liststructure/pgfplotsarray.code.tex
\c@pgfplotsarray@tmp=\count324
)
(/nix/store/nzbg9jc7zxcp7nj518xkgiq9nq9hljm5-texlive-2025-r78234-final-env-texm
fdist/tex/generic/pgfplots/liststructure/pgfplotsmatrix.code.tex)
(/nix/store/nzbg9jc7zxcp7nj518xkgiq9nq9hljm5-texlive-2025-r78234-final-env-texm
fdist/tex/generic/pgfplots/numtable/pgfplotstableshared.code.tex
\c@pgfplotstable@counta=\count325
\t@pgfplotstable@a=\toks42
)
(/nix/store/nzbg9jc7zxcp7nj518xkgiq9nq9hljm5-texlive-2025-r78234-final-env-texm
fdist/tex/generic/pgfplots/liststructure/pgfplotsdeque.code.tex)
(/nix/store/nzbg9jc7zxcp7nj518xkgiq9nq9hljm5-texlive-2025-r78234-final-env-texm
fdist/tex/generic/pgfplots/util/pgfplotsbinary.code.tex
(/nix/store/nzbg9jc7zxcp7nj518xkgiq9nq9hljm5-texlive-2025-r78234-final-env-texm
fdist/tex/generic/pgfplots/util/pgfplotsbinary.data.code.tex))
(/nix/store/nzbg9jc7zxcp7nj518xkgiq9nq9hljm5-texlive-2025-r78234-final-env-texm
fdist/tex/generic/pgfplots/util/pgfplotsutil.verb.code.tex)
(/nix/store/nzbg9jc7zxcp7nj518xkgiq9nq9hljm5-texlive-2025-r78234-final-env-texm
fdist/tex/generic/pgfplots/libs/pgflibrarypgfplots.surfshading.code.tex
\c@pgfplotslibrarysurf@no=\count326

(/nix/store/nzbg9jc7zxcp7nj518xkgiq9nq9hljm5-texlive-2025-r78234-final-env-texm
fdist/tex/generic/pgfplots/sys/pgflibrarypgfplots.surfshading.pgfsys-pdftex.def
)))
(/nix/store/nzbg9jc7zxcp7nj518xkgiq9nq9hljm5-texlive-2025-r78234-final-env-texm
fdist/tex/generic/pgfplots/util/pgfplotscolormap.code.tex
(/nix/store/nzbg9jc7zxcp7nj518xkgiq9nq9hljm5-texlive-2025-r78234-final-env-texm
fdist/tex/generic/pgfplots/util/pgfplotscolor.code.tex))
(/nix/store/nzbg9jc7zxcp7nj518xkgiq9nq9hljm5-texlive-2025-r78234-final-env-texm
fdist/tex/generic/pgfplots/pgfplotsstackedplots.code.tex)
(/nix/store/nzbg9jc7zxcp7nj518xkgiq9nq9hljm5-texlive-2025-r78234-final-env-texm
fdist/tex/generic/pgfplots/pgfplotsplothandlers.code.tex
(/nix/store/nzbg9jc7zxcp7nj518xkgiq9nq9hljm5-texlive-2025-r78234-final-env-texm
fdist/tex/generic/pgfplots/pgfplotsmeshplothandler.code.tex
(/nix/store/nzbg9jc7zxcp7nj518xkgiq9nq9hljm5-texlive-2025-r78234-final-env-texm
fdist/tex/generic/pgfplots/pgfplotsmeshplotimage.code.tex)))
(/nix/store/nzbg9jc7zxcp7nj518xkgiq9nq9hljm5-texlive-2025-r78234-final-env-texm
fdist/tex/generic/pgfplots/pgfplots.scaling.code.tex)
(/nix/store/nzbg9jc7zxcp7nj518xkgiq9nq9hljm5-texlive-2025-r78234-final-env-texm
fdist/tex/generic/pgfplots/pgfplotscoordprocessing.code.tex)
(/nix/store/nzbg9jc7zxcp7nj518xkgiq9nq9hljm5-texlive-2025-r78234-final-env-texm
fdist/tex/generic/pgfplots/pgfplots.errorbars.code.tex)
(/nix/store/nzbg9jc7zxcp7nj518xkgiq9nq9hljm5-texlive-2025-r78234-final-env-texm
fdist/tex/generic/pgfplots/pgfplots.markers.code.tex)
(/nix/store/nzbg9jc7zxcp7nj518xkgiq9nq9hljm5-texlive-2025-r78234-final-env-texm
fdist/tex/generic/pgfplots/pgfplotsticks.code.tex)
(/nix/store/nzbg9jc7zxcp7nj518xkgiq9nq9hljm5-texlive-2025-r78234-final-env-texm
fdist/tex/generic/pgfplots/pgfplots.paths.code.tex)
(/nix/store/nzbg9jc7zxcp7nj518xkgiq9nq9hljm5-texlive-2025-r78234-final-env-texm
fdist/tex/generic/pgf/frontendlayer/tikz/libraries/tikzlibrarydecorations.code.
tex
(/nix/store/nzbg9jc7zxcp7nj518xkgiq9nq9hljm5-texlive-2025-r78234-final-env-texm
fdist/tex/generic/pgf/modules/pgfmoduledecorations.code.tex
\pgfdecoratedcompleteddistance=\dimen276
\pgfdecoratedremainingdistance=\dimen277
\pgfdecoratedinputsegmentcompleteddistance=\dimen278
\pgfdecoratedinputsegmentremainingdistance=\dimen279
\pgf@decorate@distancetomove=\dimen280
\pgf@decorate@repeatstate=\count327
\pgfdecorationsegmentamplitude=\dimen281
\pgfdecorationsegmentlength=\dimen282
)
\tikz@lib@dec@box=\box67
)
(/nix/store/nzbg9jc7zxcp7nj518xkgiq9nq9hljm5-texlive-2025-r78234-final-env-texm
fdist/tex/generic/pgf/frontendlayer/tikz/libraries/tikzlibrarydecorations.pathm
orphing.code.tex
(/nix/store/nzbg9jc7zxcp7nj518xkgiq9nq9hljm5-texlive-2025-r78234-final-env-texm
fdist/tex/generic/pgf/libraries/decorations/pgflibrarydecorations.pathmorphing.
code.tex))
(/nix/store/nzbg9jc7zxcp7nj518xkgiq9nq9hljm5-texlive-2025-r78234-final-env-texm
fdist/tex/generic/pgf/frontendlayer/tikz/libraries/tikzlibrarydecorations.pathr
eplacing.code.tex
(/nix/store/nzbg9jc7zxcp7nj518xkgiq9nq9hljm5-texlive-2025-r78234-final-env-texm
fdist/tex/generic/pgf/libraries/decorations/pgflibrarydecorations.pathreplacing
.code.tex))
(/nix/store/nzbg9jc7zxcp7nj518xkgiq9nq9hljm5-texlive-2025-r78234-final-env-texm
fdist/tex/generic/pgfplots/libs/tikzlibrarypgfplots.contourlua.code.tex)
\pgfplots@numplots=\count328
\pgfplots@xmin@reg=\dimen283
\pgfplots@xmax@reg=\dimen284
\pgfplots@ymin@reg=\dimen285
\pgfplots@ymax@reg=\dimen286
\pgfplots@zmin@reg=\dimen287
\pgfplots@zmax@reg=\dimen288
)
(/nix/store/nzbg9jc7zxcp7nj518xkgiq9nq9hljm5-texlive-2025-r78234-final-env-texm
fdist/tex/generic/pgf/frontendlayer/tikz/libraries/tikzlibraryplotmarks.code.te
x
File: tikzlibraryplotmarks.code.tex 2025-08-29 v3.1.11a (3.1.11a)

(/nix/store/nzbg9jc7zxcp7nj518xkgiq9nq9hljm5-texlive-2025-r78234-final-env-texm
fdist/tex/generic/pgf/libraries/pgflibraryplotmarks.code.tex
File: pgflibraryplotmarks.code.tex 2025-08-29 v3.1.11a (3.1.11a)
)))
(/nix/store/nzbg9jc7zxcp7nj518xkgiq9nq9hljm5-texlive-2025-r78234-final-env-texm
fdist/tex/generic/pgf/frontendlayer/tikz/libraries/tikzlibrarypositioning.code.
tex
File: tikzlibrarypositioning.code.tex 2025-08-29 v3.1.11a (3.1.11a)
)
(/nix/store/nzbg9jc7zxcp7nj518xkgiq9nq9hljm5-texlive-2025-r78234-final-env-texm
fdist/tex/generic/pgf/libraries/pgflibraryarrows.meta.code.tex
File: pgflibraryarrows.meta.code.tex 2025-08-29 v3.1.11a (3.1.11a)
\pgfarrowinset=\dimen289
\pgfarrowlength=\dimen290
\pgfarrowwidth=\dimen291
\pgfarrowlinewidth=\dimen292
)
(/nix/store/nzbg9jc7zxcp7nj518xkgiq9nq9hljm5-texlive-2025-r78234-final-env-texm
fdist/tex/generic/pgf/frontendlayer/tikz/libraries/tikzlibraryfit.code.tex
File: tikzlibraryfit.code.tex 2025-08-29 v3.1.11a (3.1.11a)
)
(/nix/store/nzbg9jc7zxcp7nj518xkgiq9nq9hljm5-texlive-2025-r78234-final-env-texm
fdist/tex/generic/pgf/frontendlayer/tikz/libraries/tikzlibrarycalc.code.tex
File: tikzlibrarycalc.code.tex 2025-08-29 v3.1.11a (3.1.11a)
)
(/nix/store/nzbg9jc7zxcp7nj518xkgiq9nq9hljm5-texlive-2025-r78234-final-env-texm
fdist/tex/generic/pgf/frontendlayer/tikz/libraries/tikzlibrarybackgrounds.code.
tex
File: tikzlibrarybackgrounds.code.tex 2025-08-29 v3.1.11a (3.1.11a)
\pgf@layerbox@background=\box68
\pgf@layerboxsaved@background=\box69
)
(/nix/store/nzbg9jc7zxcp7nj518xkgiq9nq9hljm5-texlive-2025-r78234-final-env-texm
fdist/tex/latex/booktabs/booktabs.sty
Package: booktabs 2020/01/12 v1.61803398 Publication quality tables
\heavyrulewidth=\dimen293
\lightrulewidth=\dimen294
\cmidrulewidth=\dimen295
\belowrulesep=\dimen296
\belowbottomsep=\dimen297
\aboverulesep=\dimen298
\abovetopsep=\dimen299
\cmidrulesep=\dimen300
\cmidrulekern=\dimen301
\defaultaddspace=\dimen302
\@cmidla=\count329
\@cmidlb=\count330
\@aboverulesep=\dimen303
\@belowrulesep=\dimen304
\@thisruleclass=\count331
\@lastruleclass=\count332
\@thisrulewidth=\dimen305
)
(/nix/store/nzbg9jc7zxcp7nj518xkgiq9nq9hljm5-texlive-2025-r78234-final-env-texm
fdist/tex/latex/tools/array.sty
Package: array 2025/09/25 v2.6n Tabular extension package (FMi)
\col@sep=\dimen306
\ar@mcellbox=\box70
\extrarowheight=\dimen307
\NC@list=\toks43
\extratabsurround=\skip55
\backup@length=\skip56
\ar@cellbox=\box71
)
(/nix/store/nzbg9jc7zxcp7nj518xkgiq9nq9hljm5-texlive-2025-r78234-final-env-texm
fdist/tex/latex/tools/tabularx.sty
Package: tabularx 2023/12/11 v2.12a `tabularx' package (DPC)
\TX@col@width=\dimen308
\TX@old@table=\dimen309
\TX@old@col=\dimen310
\TX@target=\dimen311
\TX@delta=\dimen312
\TX@cols=\count333
\TX@ftn=\toks44
)
(/nix/store/nzbg9jc7zxcp7nj518xkgiq9nq9hljm5-texlive-2025-r78234-final-env-texm
fdist/tex/latex/multirow/multirow.sty
Package: multirow 2024/11/12 v2.9 Span multiple rows of a table
\multirow@colwidth=\skip57
\multirow@cntb=\count334
\multirow@dima=\skip58
\bigstrutjot=\dimen313
)
(/nix/store/nzbg9jc7zxcp7nj518xkgiq9nq9hljm5-texlive-2025-r78234-final-env-texm
fdist/tex/latex/enumitem/enumitem.sty
Package: enumitem 2025/02/06 v3.11 Customized lists
\labelindent=\skip59
\enit@outerparindent=\dimen314
\enit@toks=\toks45
\enit@inbox=\box72
\enit@count@id=\count335
\enitdp@description=\count336
)
(/nix/store/nzbg9jc7zxcp7nj518xkgiq9nq9hljm5-texlive-2025-r78234-final-env-texm
fdist/tex/latex/caption/caption.sty
Package: caption 2023/08/05 v3.6o Customizing captions (AR)

(/nix/store/nzbg9jc7zxcp7nj518xkgiq9nq9hljm5-texlive-2025-r78234-final-env-texm
fdist/tex/latex/caption/caption3.sty
Package: caption3 2023/07/31 v2.4d caption3 kernel (AR)
\caption@tempdima=\dimen315
\captionmargin=\dimen316
\caption@leftmargin=\dimen317
\caption@rightmargin=\dimen318
\caption@width=\dimen319
\caption@indent=\dimen320
\caption@parindent=\dimen321
\caption@hangindent=\dimen322
Package caption Info: Standard document class detected.
)
\c@caption@flags=\count337
\c@continuedfloat=\count338
)
(/nix/store/nzbg9jc7zxcp7nj518xkgiq9nq9hljm5-texlive-2025-r78234-final-env-texm
fdist/tex/latex/hyperref/hyperref.sty
Package: hyperref 2026-01-29 v7.01p Hypertext links for LaTeX

(/nix/store/nzbg9jc7zxcp7nj518xkgiq9nq9hljm5-texlive-2025-r78234-final-env-texm
fdist/tex/latex/kvsetkeys/kvsetkeys.sty
Package: kvsetkeys 2022-10-05 v1.19 Key value parser (HO)
)
(/nix/store/nzbg9jc7zxcp7nj518xkgiq9nq9hljm5-texlive-2025-r78234-final-env-texm
fdist/tex/generic/kvdefinekeys/kvdefinekeys.sty
Package: kvdefinekeys 2019-12-19 v1.6 Define keys (HO)
)
(/nix/store/nzbg9jc7zxcp7nj518xkgiq9nq9hljm5-texlive-2025-r78234-final-env-texm
fdist/tex/generic/pdfescape/pdfescape.sty
Package: pdfescape 2019/12/09 v1.15 Implements pdfTeX's escape features (HO)

(/nix/store/nzbg9jc7zxcp7nj518xkgiq9nq9hljm5-texlive-2025-r78234-final-env-texm
fdist/tex/generic/ltxcmds/ltxcmds.sty
Package: ltxcmds 2023-12-04 v1.26 LaTeX kernel commands for general use (HO)
)
(/nix/store/nzbg9jc7zxcp7nj518xkgiq9nq9hljm5-texlive-2025-r78234-final-env-texm
fdist/tex/generic/pdftexcmds/pdftexcmds.sty
Package: pdftexcmds 2020-06-27 v0.33 Utility functions of pdfTeX for LuaTeX (HO
)

(/nix/store/nzbg9jc7zxcp7nj518xkgiq9nq9hljm5-texlive-2025-r78234-final-env-texm
fdist/tex/generic/infwarerr/infwarerr.sty
Package: infwarerr 2019/12/03 v1.5 Providing info/warning/error messages (HO)
)
Package pdftexcmds Info: \pdf@primitive is available.
Package pdftexcmds Info: \pdf@ifprimitive is available.
Package pdftexcmds Info: \pdfdraftmode found.
))
(/nix/store/nzbg9jc7zxcp7nj518xkgiq9nq9hljm5-texlive-2025-r78234-final-env-texm
fdist/tex/latex/hycolor/hycolor.sty
Package: hycolor 2020-01-27 v1.10 Color options for hyperref/bookmark (HO)
)
(/nix/store/nzbg9jc7zxcp7nj518xkgiq9nq9hljm5-texlive-2025-r78234-final-env-texm
fdist/tex/latex/hyperref/nameref.sty
Package: nameref 2026-01-29 v2.58 Cross-referencing by name of section

(/nix/store/nzbg9jc7zxcp7nj518xkgiq9nq9hljm5-texlive-2025-r78234-final-env-texm
fdist/tex/latex/refcount/refcount.sty
Package: refcount 2019/12/15 v3.6 Data extraction from label references (HO)
)
(/nix/store/nzbg9jc7zxcp7nj518xkgiq9nq9hljm5-texlive-2025-r78234-final-env-texm
fdist/tex/generic/gettitlestring/gettitlestring.sty
Package: gettitlestring 2019/12/15 v1.6 Cleanup title references (HO)

(/nix/store/nzbg9jc7zxcp7nj518xkgiq9nq9hljm5-texlive-2025-r78234-final-env-texm
fdist/tex/latex/kvoptions/kvoptions.sty
Package: kvoptions 2022-06-15 v3.15 Key value format for package options (HO)
))
\c@section@level=\count339
)
(/nix/store/nzbg9jc7zxcp7nj518xkgiq9nq9hljm5-texlive-2025-r78234-final-env-texm
fdist/tex/generic/stringenc/stringenc.sty
Package: stringenc 2019/11/29 v1.12 Convert strings between diff. encodings (HO
)
)
\@linkdim=\dimen323
\Hy@linkcounter=\count340
\Hy@pagecounter=\count341

(/nix/store/nzbg9jc7zxcp7nj518xkgiq9nq9hljm5-texlive-2025-r78234-final-env-texm
fdist/tex/latex/hyperref/pd1enc.def
File: pd1enc.def 2026-01-29 v7.01p Hyperref: PDFDocEncoding definition (HO)
Now handling font encoding PD1 ...
... no UTF-8 mapping file for font encoding PD1
)
(/nix/store/nzbg9jc7zxcp7nj518xkgiq9nq9hljm5-texlive-2025-r78234-final-env-texm
fdist/tex/generic/intcalc/intcalc.sty
Package: intcalc 2019/12/15 v1.3 Expandable calculations with integers (HO)
)
\Hy@SavedSpaceFactor=\count342

(/nix/store/nzbg9jc7zxcp7nj518xkgiq9nq9hljm5-texlive-2025-r78234-final-env-texm
fdist/tex/latex/hyperref/puenc.def
File: puenc.def 2026-01-29 v7.01p Hyperref: PDF Unicode definition (HO)
Now handling font encoding PU ...
... no UTF-8 mapping file for font encoding PU
)
Package hyperref Info: Hyper figures OFF on input line 4201.
Package hyperref Info: Link nesting OFF on input line 4206.
Package hyperref Info: Hyper index ON on input line 4209.
Package hyperref Info: Plain pages OFF on input line 4216.
Package hyperref Info: Backreferencing OFF on input line 4221.
Package hyperref Info: Implicit mode ON; LaTeX internals redefined.
Package hyperref Info: Bookmarks ON on input line 4468.
\c@Hy@tempcnt=\count343

(/nix/store/nzbg9jc7zxcp7nj518xkgiq9nq9hljm5-texlive-2025-r78234-final-env-texm
fdist/tex/latex/url/url.sty
\Urlmuskip=\muskip18
Package: url 2013/09/16  ver 3.4  Verb mode for urls, etc.
)
LaTeX Info: Redefining \url on input line 4807.
\XeTeXLinkMargin=\dimen324

(/nix/store/nzbg9jc7zxcp7nj518xkgiq9nq9hljm5-texlive-2025-r78234-final-env-texm
fdist/tex/generic/bitset/bitset.sty
Package: bitset 2019/12/09 v1.3 Handle bit-vector datatype (HO)

(/nix/store/nzbg9jc7zxcp7nj518xkgiq9nq9hljm5-texlive-2025-r78234-final-env-texm
fdist/tex/generic/bigintcalc/bigintcalc.sty
Package: bigintcalc 2019/12/15 v1.5 Expandable calculations on big integers (HO
)
))
\Fld@menulength=\count344
\Field@Width=\dimen325
\Fld@charsize=\dimen326
Package hyperref Info: Hyper figures OFF on input line 6084.
Package hyperref Info: Link nesting OFF on input line 6089.
Package hyperref Info: Hyper index ON on input line 6092.
Package hyperref Info: backreferencing OFF on input line 6099.
Package hyperref Info: Link coloring OFF on input line 6104.
Package hyperref Info: Link coloring with OCG OFF on input line 6109.
Package hyperref Info: PDF/A mode OFF on input line 6114.
\Hy@abspage=\count345
\c@Item=\count346
\c@Hfootnote=\count347
)
Package hyperref Info: Driver (autodetected): hpdftex.

(/nix/store/nzbg9jc7zxcp7nj518xkgiq9nq9hljm5-texlive-2025-r78234-final-env-texm
fdist/tex/latex/hyperref/hpdftex.def
File: hpdftex.def 2026-01-29 v7.01p Hyperref driver for pdfTeX
\Fld@listcount=\count348
\c@bookmark@seq@number=\count349

(/nix/store/nzbg9jc7zxcp7nj518xkgiq9nq9hljm5-texlive-2025-r78234-final-env-texm
fdist/tex/latex/rerunfilecheck/rerunfilecheck.sty
Package: rerunfilecheck 2025-06-21 v1.11 Rerun checks for auxiliary files (HO)

(/nix/store/nzbg9jc7zxcp7nj518xkgiq9nq9hljm5-texlive-2025-r78234-final-env-texm
fdist/tex/generic/uniquecounter/uniquecounter.sty
Package: uniquecounter 2019/12/15 v1.4 Provide unlimited unique counter (HO)
)
Package uniquecounter Info: New unique counter `rerunfilecheck' on input line 2
84.
)
\Hy@SectionHShift=\skip60
)
(/nix/store/nzbg9jc7zxcp7nj518xkgiq9nq9hljm5-texlive-2025-r78234-final-env-texm
fdist/tex/latex/biblatex/biblatex.sty
Package: biblatex 2025/07/10 v3.21 programmable bibliographies (PK/MW)

(/nix/store/nzbg9jc7zxcp7nj518xkgiq9nq9hljm5-texlive-2025-r78234-final-env-texm
fdist/tex/latex/logreq/logreq.sty
Package: logreq 2010/08/04 v1.0 xml request logger
\lrq@indent=\count350

(/nix/store/nzbg9jc7zxcp7nj518xkgiq9nq9hljm5-texlive-2025-r78234-final-env-texm
fdist/tex/latex/logreq/logreq.def
File: logreq.def 2010/08/04 v1.0 logreq spec v1.0
))
(/nix/store/nzbg9jc7zxcp7nj518xkgiq9nq9hljm5-texlive-2025-r78234-final-env-texm
fdist/tex/latex/base/ifthen.sty
Package: ifthen 2024/03/16 v1.1e Standard LaTeX ifthen package (DPC)
)
\c@tabx@nest=\count351
\c@listtotal=\count352
\c@listcount=\count353
\c@liststart=\count354
\c@liststop=\count355
\c@citecount=\count356
\c@citetotal=\count357
\c@multicitecount=\count358
\c@multicitetotal=\count359
\c@instcount=\count360
\c@maxnames=\count361
\c@minnames=\count362
\c@maxitems=\count363
\c@minitems=\count364
\c@citecounter=\count365
\c@maxcitecounter=\count366
\c@savedcitecounter=\count367
\c@uniquelist=\count368
\c@uniquename=\count369
\c@refsection=\count370
\c@refsegment=\count371
\c@maxextratitle=\count372
\c@maxextratitleyear=\count373
\c@maxextraname=\count374
\c@maxextradate=\count375
\c@maxextraalpha=\count376
\c@abbrvpenalty=\count377
\c@highnamepenalty=\count378
\c@lownamepenalty=\count379
\c@maxparens=\count380
\c@parenlevel=\count381
\blx@tempcnta=\count382
\blx@tempcntb=\count383
\blx@tempcntc=\count384
\c@blx@maxsection=\count385
\blx@maxsegment@0=\count386
\blx@notetype=\count387
\blx@parenlevel@text=\count388
\blx@parenlevel@foot=\count389
\blx@sectionciteorder@0=\count390
\blx@sectionciteorderinternal@0=\count391
\blx@entrysetcounter=\count392
\blx@biblioinstance=\count393
\labelnumberwidth=\skip61
\labelalphawidth=\skip62
\biblabelsep=\skip63
\bibitemsep=\skip64
\bibnamesep=\skip65
\bibinitsep=\skip66
\bibparsep=\skip67
\bibhang=\skip68
\blx@bcfin=\read3
\blx@bcfout=\write4
\blx@langwohyphens=\language90
\c@mincomprange=\count394
\c@maxcomprange=\count395
\c@mincompwidth=\count396
Package biblatex Info: Trying to load biblatex default data model...
Package biblatex Info: ... file 'blx-dm.def' found.

(/nix/store/nzbg9jc7zxcp7nj518xkgiq9nq9hljm5-texlive-2025-r78234-final-env-texm
fdist/tex/latex/biblatex/blx-dm.def
File: blx-dm.def 2025/07/10 v3.21 biblatex datamodel (PK/MW)
)
Package biblatex Info: Trying to load biblatex style data model...
Package biblatex Info: ... file 'numeric-comp.dbx' not found.
Package biblatex Info: Trying to load biblatex custom data model...
Package biblatex Info: ... file 'biblatex-dm.cfg' not found.
\c@afterword=\count397
\c@savedafterword=\count398
\c@annotator=\count399
\c@savedannotator=\count400
\c@author=\count401
\c@savedauthor=\count402
\c@bookauthor=\count403
\c@savedbookauthor=\count404
\c@commentator=\count405
\c@savedcommentator=\count406
\c@editor=\count407
\c@savededitor=\count408
\c@editora=\count409
\c@savededitora=\count410
\c@editorb=\count411
\c@savededitorb=\count412
\c@editorc=\count413
\c@savededitorc=\count414
\c@foreword=\count415
\c@savedforeword=\count416
\c@holder=\count417
\c@savedholder=\count418
\c@introduction=\count419
\c@savedintroduction=\count420
\c@namea=\count421
\c@savednamea=\count422
\c@nameb=\count423
\c@savednameb=\count424
\c@namec=\count425
\c@savednamec=\count426
\c@translator=\count427
\c@savedtranslator=\count428
\c@shortauthor=\count429
\c@savedshortauthor=\count430
\c@shorteditor=\count431
\c@savedshorteditor=\count432
\c@labelname=\count433
\c@savedlabelname=\count434
\c@institution=\count435
\c@savedinstitution=\count436
\c@lista=\count437
\c@savedlista=\count438
\c@listb=\count439
\c@savedlistb=\count440
\c@listc=\count441
\c@savedlistc=\count442
\c@listd=\count443
\c@savedlistd=\count444
\c@liste=\count445
\c@savedliste=\count446
\c@listf=\count447
\c@savedlistf=\count448
\c@location=\count449
\c@savedlocation=\count450
\c@organization=\count451
\c@savedorganization=\count452
\c@origlocation=\count453
\c@savedoriglocation=\count454
\c@origpublisher=\count455
\c@savedorigpublisher=\count456
\c@publisher=\count457
\c@savedpublisher=\count458
\c@language=\count459
\c@savedlanguage=\count460
\c@origlanguage=\count461
\c@savedoriglanguage=\count462
\c@pageref=\count463
\c@savedpageref=\count464
\shorthandwidth=\skip69
\shortjournalwidth=\skip70
\shortserieswidth=\skip71
\shorttitlewidth=\skip72
\shortauthorwidth=\skip73
\shorteditorwidth=\skip74
\locallabelnumberwidth=\skip75
\locallabelalphawidth=\skip76
\localshorthandwidth=\skip77
\localshortjournalwidth=\skip78
\localshortserieswidth=\skip79
\localshorttitlewidth=\skip80
\localshortauthorwidth=\skip81
\localshorteditorwidth=\skip82
Package biblatex Info: Trying to load compatibility code...
Package biblatex Info: ... file 'blx-compat.def' found.

(/nix/store/nzbg9jc7zxcp7nj518xkgiq9nq9hljm5-texlive-2025-r78234-final-env-texm
fdist/tex/latex/biblatex/blx-compat.def
File: blx-compat.def 2025/07/10 v3.21 biblatex compatibility (PK/MW)
)
Package biblatex Info: Trying to load BibTeX backend compatibility...
Package biblatex Info: ... file 'blx-bibtex.def' found.

(/nix/store/nzbg9jc7zxcp7nj518xkgiq9nq9hljm5-texlive-2025-r78234-final-env-texm
fdist/tex/latex/biblatex/blx-bibtex.def
File: blx-bibtex.def 2025/07/10 v3.21 biblatex compatibility (PK/MW)


Package biblatex Warning: Using fall-back bibtex backend:
(biblatex)                functionality may be reduced/unavailable.

)
Package biblatex Info: Trying to load generic definitions...
Package biblatex Info: ... file 'biblatex.def' found.

(/nix/store/nzbg9jc7zxcp7nj518xkgiq9nq9hljm5-texlive-2025-r78234-final-env-texm
fdist/tex/latex/biblatex/biblatex.def
File: biblatex.def 2025/07/10 v3.21 biblatex compatibility (PK/MW)
\c@textcitecount=\count465
\c@textcitetotal=\count466
\c@textcitemaxnames=\count467
\c@biburlbigbreakpenalty=\count468
\c@biburlbreakpenalty=\count469
\c@biburlnumpenalty=\count470
\c@biburlucpenalty=\count471
\c@biburllcpenalty=\count472
\biburlbigskip=\muskip19
\biburlnumskip=\muskip20
\biburlucskip=\muskip21
\biburllcskip=\muskip22
\c@smartand=\count473
)
Package biblatex Info: Trying to load bibliography style 'numeric-comp'...
Package biblatex Info: ... file 'numeric-comp.bbx' found.

(/nix/store/nzbg9jc7zxcp7nj518xkgiq9nq9hljm5-texlive-2025-r78234-final-env-texm
fdist/tex/latex/biblatex/bbx/numeric-comp.bbx
File: numeric-comp.bbx 2025/07/10 v3.21 biblatex bibliography style (PK/MW)
Package biblatex Info: Trying to load bibliography style 'numeric'...
Package biblatex Info: ... file 'numeric.bbx' found.

(/nix/store/nzbg9jc7zxcp7nj518xkgiq9nq9hljm5-texlive-2025-r78234-final-env-texm
fdist/tex/latex/biblatex/bbx/numeric.bbx
File: numeric.bbx 2025/07/10 v3.21 biblatex bibliography style (PK/MW)
Package biblatex Info: Trying to load bibliography style 'standard'...
Package biblatex Info: ... file 'standard.bbx' found.

(/nix/store/nzbg9jc7zxcp7nj518xkgiq9nq9hljm5-texlive-2025-r78234-final-env-texm
fdist/tex/latex/biblatex/bbx/standard.bbx
File: standard.bbx 2025/07/10 v3.21 biblatex bibliography style (PK/MW)
\c@bbx:relatedcount=\count474
\c@bbx:relatedtotal=\count475
)))
Package biblatex Info: Trying to load citation style 'numeric-comp'...
Package biblatex Info: ... file 'numeric-comp.cbx' found.

(/nix/store/nzbg9jc7zxcp7nj518xkgiq9nq9hljm5-texlive-2025-r78234-final-env-texm
fdist/tex/latex/biblatex/cbx/numeric-comp.cbx
File: numeric-comp.cbx 2025/07/10 v3.21 biblatex citation style (PK/MW)
\c@cbx@tempcnta=\count476
\c@cbx@tempcntb=\count477
\c@cbx@tempcntc=\count478
\c@cbx@tempcntd=\count479
Package biblatex Info: Redefining '\cite'.
Package biblatex Info: Redefining '\parencite'.
Package biblatex Info: Redefining '\footcite'.
Package biblatex Info: Redefining '\footcitetext'.
Package biblatex Info: Redefining '\smartcite'.
Package biblatex Info: Redefining '\supercite'.
Package biblatex Info: Redefining '\textcite'.
Package biblatex Info: Redefining '\textcites'.
Package biblatex Info: Redefining '\cites'.
Package biblatex Info: Redefining '\parencites'.
Package biblatex Info: Redefining '\smartcites'.
)
Package biblatex Info: Trying to load configuration file...
Package biblatex Info: ... file 'biblatex.cfg' found.

(/nix/store/nzbg9jc7zxcp7nj518xkgiq9nq9hljm5-texlive-2025-r78234-final-env-texm
fdist/tex/latex/biblatex/biblatex.cfg
File: biblatex.cfg 
)
Package biblatex Info: Input encoding 'utf8' detected.
Package biblatex Info: Document encoding is UTF8 ....

(/nix/store/nzbg9jc7zxcp7nj518xkgiq9nq9hljm5-texlive-2025-r78234-final-env-texm
fdist/tex/latex/l3kernel/expl3.sty
Package: expl3 2026-01-19 L3 programming layer (loader) 

(/nix/store/nzbg9jc7zxcp7nj518xkgiq9nq9hljm5-texlive-2025-r78234-final-env-texm
fdist/tex/latex/l3backend/l3backend-pdftex.def
File: l3backend-pdftex.def 2025-10-09 L3 backend support: PDF output (pdfTeX)
\l__color_backend_stack_int=\count480
))
Package biblatex Info: ... and expl3
(biblatex)             2026-01-19 L3 programming layer (loader) 
(biblatex)             is new enough (at least 2020/04/06),
(biblatex)             setting 'casechanger=expl3'.

(/nix/store/nzbg9jc7zxcp7nj518xkgiq9nq9hljm5-texlive-2025-r78234-final-env-texm
fdist/tex/latex/biblatex/blx-case-expl3.sty
(/nix/store/nzbg9jc7zxcp7nj518xkgiq9nq9hljm5-texlive-2025-r78234-final-env-texm
fdist/tex/latex/l3packages/xparse/xparse.sty
Package: xparse 2025-10-09 L3 Experimental document command parser
)
Package: blx-case-expl3 2025/07/10 v3.21 expl3 case changing code for biblatex
))
Package hyperref Info: Option `colorlinks' set `true' on input line 23.
\@quotelevel=\count481
\@quotereset=\count482
LaTeX Font Info:    Trying to load font information for T1+lmr on input line 41
.

(/nix/store/nzbg9jc7zxcp7nj518xkgiq9nq9hljm5-texlive-2025-r78234-final-env-texm
fdist/tex/latex/lm/t1lmr.fd
File: t1lmr.fd 2015/05/01 v1.6.1 Font defs for Latin Modern
) (./main.aux)
\openout1 = `main.aux'.

LaTeX Font Info:    Checking defaults for OML/cmm/m/it on input line 41.
LaTeX Font Info:    ... okay on input line 41.
LaTeX Font Info:    Checking defaults for OMS/cmsy/m/n on input line 41.
LaTeX Font Info:    ... okay on input line 41.
LaTeX Font Info:    Checking defaults for OT1/cmr/m/n on input line 41.
LaTeX Font Info:    ... okay on input line 41.
LaTeX Font Info:    Checking defaults for T1/cmr/m/n on input line 41.
LaTeX Font Info:    ... okay on input line 41.
LaTeX Font Info:    Checking defaults for TS1/cmr/m/n on input line 41.
LaTeX Font Info:    ... okay on input line 41.
LaTeX Font Info:    Checking defaults for OMX/cmex/m/n on input line 41.
LaTeX Font Info:    ... okay on input line 41.
LaTeX Font Info:    Checking defaults for U/cmr/m/n on input line 41.
LaTeX Font Info:    ... okay on input line 41.
LaTeX Font Info:    Checking defaults for PD1/pdf/m/n on input line 41.
LaTeX Font Info:    ... okay on input line 41.
LaTeX Font Info:    Checking defaults for PU/pdf/m/n on input line 41.
LaTeX Font Info:    ... okay on input line 41.

*geometry* driver: auto-detecting
*geometry* detected driver: pdftex
*geometry* verbose mode - [ preamble ] result:
* driver: pdftex
* paper: a4paper
* layout: <same size as paper>
* layoutoffset:(h,v)=(0.0pt,0.0pt)
* modes: 
* h-part:(L,W,R)=(65.44142pt, 466.62503pt, 65.44142pt)
* v-part:(T,H,B)=(65.44142pt, 714.164pt, 65.44142pt)
* \paperwidth=597.50787pt
* \paperheight=845.04684pt
* \textwidth=466.62503pt
* \textheight=714.164pt
* \oddsidemargin=-6.82857pt
* \evensidemargin=-6.82857pt
* \topmargin=-43.82857pt
* \headheight=12.0pt
* \headsep=25.0pt
* \topskip=11.0pt
* \footskip=30.0pt
* \marginparwidth=59.0pt
* \marginparsep=10.0pt
* \columnsep=10.0pt
* \skip\footins=10.0pt plus 4.0pt minus 2.0pt
* \hoffset=0.0pt
* \voffset=0.0pt
* \mag=1000
* \@twocolumnfalse
* \@twosidefalse
* \@mparswitchfalse
* \@reversemarginfalse
* (1in=72.27pt=25.4mm, 1cm=28.453pt)

LaTeX Info: Redefining \microtypecontext on input line 41.
Package microtype Info: Applying patch `item' on input line 41.
Package microtype Info: Applying patch `toc' on input line 41.
Package microtype Info: Applying patch `eqnum' on input line 41.
Package microtype Info: Applying patch `footnote' on input line 41.
Package microtype Info: Applying patch `verbatim' on input line 41.
LaTeX Info: Redefining \microtypesetup on input line 41.
Package microtype Info: Generating PDF output.
Package microtype Info: Character protrusion enabled (level 2).
Package microtype Info: Using default protrusion set `alltext'.
Package microtype Info: Automatic font expansion enabled (level 2),
(microtype)             stretch: 20, shrink: 20, step: 1, non-selected.
Package microtype Info: Using default expansion set `alltext-nott'.
Package microtype Info: Patching command `\showhyphens'.
Package microtype Info: No adjustment of tracking.
Package microtype Info: No adjustment of interword spacing.
Package microtype Info: No adjustment of character kerning.

(/nix/store/nzbg9jc7zxcp7nj518xkgiq9nq9hljm5-texlive-2025-r78234-final-env-texm
fdist/tex/latex/microtype/mt-cmr.cfg
File: mt-cmr.cfg 2013/05/19 v2.2 microtype config. file: Computer Modern Roman 
(RS)
)
(/nix/store/nzbg9jc7zxcp7nj518xkgiq9nq9hljm5-texlive-2025-r78234-final-env-texm
fdist/tex/context/base/mkii/supp-pdf.mkii
[Loading MPS to PDF converter (version 2006.09.02).]
\scratchcounter=\count483
\scratchdimen=\dimen327
\scratchbox=\box73
\nofMPsegments=\count484
\nofMParguments=\count485
\everyMPshowfont=\toks46
\MPscratchCnt=\count486
\MPscratchDim=\dimen328
\MPnumerator=\count487
\makeMPintoPDFobject=\count488
\everyMPtoPDFconversion=\toks47
)
(/nix/store/nzbg9jc7zxcp7nj518xkgiq9nq9hljm5-texlive-2025-r78234-final-env-texm
fdist/tex/latex/epstopdf-pkg/epstopdf-base.sty
Package: epstopdf-base 2020-01-24 v2.11 Base part for package epstopdf
Package epstopdf-base Info: Redefining graphics rule for `.eps' on input line 4
85.

(/nix/store/nzbg9jc7zxcp7nj518xkgiq9nq9hljm5-texlive-2025-r78234-final-env-texm
fdist/tex/latex/latexconfig/epstopdf-sys.cfg
File: epstopdf-sys.cfg 2010/07/13 v1.3 Configuration of (r)epstopdf for TeX Liv
e
))
Package pgfplots notification 'compat/show suggested version=true': document ha
s been generated with the most recent feature set (\pgfplotsset{compat=1.18}).

Package caption Info: Begin \AtBeginDocument code.
Package caption Info: hyperref package is loaded.
Package caption Info: End \AtBeginDocument code.
Package hyperref Info: Link coloring ON on input line 41.
(./main.out) (./main.out)
\@outlinefile=\write5
\openout5 = `main.out'.

Package biblatex Info: Trying to load language 'english'...
Package biblatex Info: ... file 'english.lbx' found.

(/nix/store/nzbg9jc7zxcp7nj518xkgiq9nq9hljm5-texlive-2025-r78234-final-env-texm
fdist/tex/latex/biblatex/lbx/english.lbx
File: english.lbx 2025/07/10 v3.21 biblatex localization (PK/MW)
)
Package biblatex Info: Input encoding 'utf8' detected.
Package biblatex Info: Automatic encoding selection.
(biblatex)             Assuming data encoding 'utf8'.
Package biblatex Info: Input encoding 'utf8' detected.
Package biblatex Info: Data encoding 'utf8' specified.
(biblatex)             No need to reencode data.
\openout4 = `main-blx.bib'.

Package biblatex Info: Trying to load bibliographic data...
Package biblatex Info: ... file 'main.bbl' found.
 (./main.bbl)
Package biblatex Info: Reference section=0 on input line 41.
Package biblatex Info: Reference segment=0 on input line 41.
LaTeX Font Info:    Trying to load font information for OT1+lmr on input line 4
3.

(/nix/store/nzbg9jc7zxcp7nj518xkgiq9nq9hljm5-texlive-2025-r78234-final-env-texm
fdist/tex/latex/lm/ot1lmr.fd
File: ot1lmr.fd 2015/05/01 v1.6.1 Font defs for Latin Modern
)
LaTeX Font Info:    Trying to load font information for OML+lmm on input line 4
3.

(/nix/store/nzbg9jc7zxcp7nj518xkgiq9nq9hljm5-texlive-2025-r78234-final-env-texm
fdist/tex/latex/lm/omllmm.fd
File: omllmm.fd 2015/05/01 v1.6.1 Font defs for Latin Modern
)
LaTeX Font Info:    Trying to load font information for OMS+lmsy on input line 
43.

(/nix/store/nzbg9jc7zxcp7nj518xkgiq9nq9hljm5-texlive-2025-r78234-final-env-texm
fdist/tex/latex/lm/omslmsy.fd
File: omslmsy.fd 2015/05/01 v1.6.1 Font defs for Latin Modern
)
LaTeX Font Info:    Trying to load font information for OMX+lmex on input line 
43.

(/nix/store/nzbg9jc7zxcp7nj518xkgiq9nq9hljm5-texlive-2025-r78234-final-env-texm
fdist/tex/latex/lm/omxlmex.fd
File: omxlmex.fd 2015/05/01 v1.6.1 Font defs for Latin Modern
)
LaTeX Font Info:    External font `lmex10' loaded for size
(Font)              <12> on input line 43.
LaTeX Font Info:    External font `lmex10' loaded for size
(Font)              <8> on input line 43.
LaTeX Font Info:    External font `lmex10' loaded for size
(Font)              <6> on input line 43.
LaTeX Font Info:    Trying to load font information for U+msa on input line 43.


(/nix/store/nzbg9jc7zxcp7nj518xkgiq9nq9hljm5-texlive-2025-r78234-final-env-texm
fdist/tex/latex/amsfonts/umsa.fd
File: umsa.fd 2013/01/14 v3.01 AMS symbols A
)
(/nix/store/nzbg9jc7zxcp7nj518xkgiq9nq9hljm5-texlive-2025-r78234-final-env-texm
fdist/tex/latex/microtype/mt-msa.cfg
File: mt-msa.cfg 2006/02/04 v1.1 microtype config. file: AMS symbols (a) (RS)
)
LaTeX Font Info:    Trying to load font information for U+msb on input line 43.


(/nix/store/nzbg9jc7zxcp7nj518xkgiq9nq9hljm5-texlive-2025-r78234-final-env-texm
fdist/tex/latex/amsfonts/umsb.fd
File: umsb.fd 2013/01/14 v3.01 AMS symbols B
)
(/nix/store/nzbg9jc7zxcp7nj518xkgiq9nq9hljm5-texlive-2025-r78234-final-env-texm
fdist/tex/latex/microtype/mt-msb.cfg
File: mt-msb.cfg 2005/06/01 v1.0 microtype config. file: AMS symbols (b) (RS)
)
LaTeX Font Info:    External font `lmex10' loaded for size
(Font)              <10> on input line 46.
LaTeX Font Info:    External font `lmex10' loaded for size
(Font)              <7> on input line 46.
LaTeX Font Info:    External font `lmex10' loaded for size
(Font)              <5> on input line 46.
LaTeX Font Info:    External font `lmex10' loaded for size
(Font)              <10.95> on input line 52.
LaTeX Font Info:    External font `lmex10' loaded for size
(Font)              <9> on input line 52.
 [1

{/nix/store/357nh2di52fc2aiam2z2z6fhsxaic2r8-texlive-2025-r78234-final-env/shar
e/texmf-var/fonts/map/pdftex/updmap/pdftex.map}{/nix/store/nzbg9jc7zxcp7nj518xk
giq9nq9hljm5-texlive-2025-r78234-final-env-texmfdist/fonts/enc/dvips/lm/lm-ec.e
nc}{/nix/store/nzbg9jc7zxcp7nj518xkgiq9nq9hljm5-texlive-2025-r78234-final-env-t
exmfdist/fonts/enc/dvips/lm/lm-mathsy.enc}{/nix/store/nzbg9jc7zxcp7nj518xkgiq9n
q9hljm5-texlive-2025-r78234-final-env-texmfdist/fonts/enc/dvips/lm/lm-rm.enc}{/
nix/store/nzbg9jc7zxcp7nj518xkgiq9nq9hljm5-texlive-2025-r78234-final-env-texmfd
ist/fonts/enc/dvips/lm/lm-mathit.enc}]
LaTeX Font Info:    Trying to load font information for T1+lmtt on input line 7
3.

(/nix/store/nzbg9jc7zxcp7nj518xkgiq9nq9hljm5-texlive-2025-r78234-final-env-texm
fdist/tex/latex/lm/t1lmtt.fd
File: t1lmtt.fd 2015/05/01 v1.6.1 Font defs for Latin Modern
)
Package microtype Info: Loading generic protrusion settings for font family
(microtype)             `lmtt' (encoding: T1).
(microtype)             For optimal results, create family-specific settings.
(microtype)             See the microtype manual for details.

Underfull \hbox (badness 10000) in paragraph at lines 77--77
[][][]\T1/lmr/m/n/9 (+20) The canon-i-cal builder [][]$\T1/lmtt/m/n/9 https : /
 / github . com / DreamLab-[]AI / knowledgeGraph$[][] \T1/lmr/m/n/9 (+20) (pub-
lished at [][]$\T1/lmtt/m/n/9 https :
 []


Underfull \hbox (badness 3333) in paragraph at lines 77--77
\T1/lmtt/m/n/9 / / narrativegoldmine . com$[][]\T1/lmr/m/n/9 (+20) ) runs \T1/l
mtt/m/n/9 pytest pipeline/tests \T1/lmr/m/n/9 (+20) and \T1/lmtt/m/n/9 pipeline
.validate \T1/lmr/m/n/9 (+20) be-fore pub-lish-ing each
 []

[2] (./figures/fig-ecosystem.tex) [3] [4] [5] [6] [7{/nix/store/nzbg9jc7zxcp7nj
518xkgiq9nq9hljm5-texlive-2025-r78234-final-env-texmfdist/fonts/enc/dvips/lm/lm
-mathex.enc}]
LaTeX Font Info:    Trying to load font information for TS1+lmr on input line 2
27.

(/nix/store/nzbg9jc7zxcp7nj518xkgiq9nq9hljm5-texlive-2025-r78234-final-env-texm
fdist/tex/latex/lm/ts1lmr.fd
File: ts1lmr.fd 2015/05/01 v1.6.1 Font defs for Latin Modern
) (./figures/fig-ceiling.tex) [8{/nix/store/nzbg9jc7zxcp7nj518xkgiq9nq9hljm5-te
xlive-2025-r78234-final-env-texmfdist/fonts/enc/dvips/lm/lm-ts1.enc}] [9] [10]
Package pgfplots info on input line 285: Using 'lua backend=false' for axis: x 
coord trafo unsupported.
 [11]
Package pgfplots info on input line 382: Using 'lua backend=false' for axis: x 
coord trafo unsupported.
 [12] (./figures/fig-forest.tex) [13]
(./figures/fig-controls.tex) [14] [15] [16] [17] [18] [19]
Package microtype Info: Character `029' is missing
(microtype)             in font `T1/lmr/m/sc/10.95'.
(microtype)             Ignoring protrusion settings for this character.
 [20] [21] [22]
(./main.aux)
 ***********
LaTeX2e <2025-11-01>
L3 programming layer <2026-01-19>
 ***********
Package rerunfilecheck Info: File `main.out' has not changed.
(rerunfilecheck)             Checksum: F23B73A0F9C0F52E7BAF74B837CC85F6;3419.
Package logreq Info: Writing requests to 'main.run.xml'.
\openout1 = `main.run.xml'.

 ) 
Here is how much of TeX's memory you used:
 44562 strings out of 467535
 1022179 string characters out of 5388798
 1784933 words of memory out of 5000000
 72159 multiletter control sequences out of 15000+600000
 771966 words of font info for 370 fonts, out of 8000000 for 9000
 1141 hyphenation exceptions out of 8191
 99i,15n,118p,2292b,2839s stack positions out of 10000i,1000n,20000p,200000b,200000s
</nix/store/nzbg9jc7zxcp7nj518xkgiq9nq9hljm5-texlive-2025-r78234-final-env-te
xmfdist/fonts/type1/public/lm/lmbx10.pfb></nix/store/nzbg9jc7zxcp7nj518xkgiq9nq
9hljm5-texlive-2025-r78234-final-env-texmfdist/fonts/type1/public/lm/lmbx12.pfb
></nix/store/nzbg9jc7zxcp7nj518xkgiq9nq9hljm5-texlive-2025-r78234-final-env-tex
mfdist/fonts/type1/public/lm/lmbx8.pfb></nix/store/nzbg9jc7zxcp7nj518xkgiq9nq9h
ljm5-texlive-2025-r78234-final-env-texmfdist/fonts/type1/public/lm/lmbx9.pfb></
nix/store/nzbg9jc7zxcp7nj518xkgiq9nq9hljm5-texlive-2025-r78234-final-env-texmfd
ist/fonts/type1/public/lm/lmbxi10.pfb></nix/store/nzbg9jc7zxcp7nj518xkgiq9nq9hl
jm5-texlive-2025-r78234-final-env-texmfdist/fonts/type1/public/lm/lmcsc10.pfb><
/nix/store/nzbg9jc7zxcp7nj518xkgiq9nq9hljm5-texlive-2025-r78234-final-env-texmf
dist/fonts/type1/public/lm/lmex10.pfb></nix/store/nzbg9jc7zxcp7nj518xkgiq9nq9hl
jm5-texlive-2025-r78234-final-env-texmfdist/fonts/type1/public/lm/lmmi10.pfb></
nix/store/nzbg9jc7zxcp7nj518xkgiq9nq9hljm5-texlive-2025-r78234-final-env-texmfd
ist/fonts/type1/public/lm/lmmi6.pfb></nix/store/nzbg9jc7zxcp7nj518xkgiq9nq9hljm
5-texlive-2025-r78234-final-env-texmfdist/fonts/type1/public/lm/lmmi7.pfb></nix
/store/nzbg9jc7zxcp7nj518xkgiq9nq9hljm5-texlive-2025-r78234-final-env-texmfdist
/fonts/type1/public/lm/lmmi8.pfb></nix/store/nzbg9jc7zxcp7nj518xkgiq9nq9hljm5-t
exlive-2025-r78234-final-env-texmfdist/fonts/type1/public/lm/lmmi9.pfb></nix/st
ore/nzbg9jc7zxcp7nj518xkgiq9nq9hljm5-texlive-2025-r78234-final-env-texmfdist/fo
nts/type1/public/lm/lmr10.pfb></nix/store/nzbg9jc7zxcp7nj518xkgiq9nq9hljm5-texl
ive-2025-r78234-final-env-texmfdist/fonts/type1/public/lm/lmr12.pfb></nix/store
/nzbg9jc7zxcp7nj518xkgiq9nq9hljm5-texlive-2025-r78234-final-env-texmfdist/fonts
/type1/public/lm/lmr6.pfb></nix/store/nzbg9jc7zxcp7nj518xkgiq9nq9hljm5-texlive-
2025-r78234-final-env-texmfdist/fonts/type1/public/lm/lmr7.pfb></nix/store/nzbg
9jc7zxcp7nj518xkgiq9nq9hljm5-texlive-2025-r78234-final-env-texmfdist/fonts/type
1/public/lm/lmr8.pfb></nix/store/nzbg9jc7zxcp7nj518xkgiq9nq9hljm5-texlive-2025-
r78234-final-env-texmfdist/fonts/type1/public/lm/lmr9.pfb></nix/store/nzbg9jc7z
xcp7nj518xkgiq9nq9hljm5-texlive-2025-r78234-final-env-texmfdist/fonts/type1/pub
lic/lm/lmri10.pfb></nix/store/nzbg9jc7zxcp7nj518xkgiq9nq9hljm5-texlive-2025-r78
234-final-env-texmfdist/fonts/type1/public/lm/lmri9.pfb></nix/store/nzbg9jc7zxc
p7nj518xkgiq9nq9hljm5-texlive-2025-r78234-final-env-texmfdist/fonts/type1/publi
c/lm/lmsy10.pfb></nix/store/nzbg9jc7zxcp7nj518xkgiq9nq9hljm5-texlive-2025-r7823
4-final-env-texmfdist/fonts/type1/public/lm/lmsy6.pfb></nix/store/nzbg9jc7zxcp7
nj518xkgiq9nq9hljm5-texlive-2025-r78234-final-env-texmfdist/fonts/type1/public/
lm/lmsy7.pfb></nix/store/nzbg9jc7zxcp7nj518xkgiq9nq9hljm5-texlive-2025-r78234-f
inal-env-texmfdist/fonts/type1/public/lm/lmsy8.pfb></nix/store/nzbg9jc7zxcp7nj5
18xkgiq9nq9hljm5-texlive-2025-r78234-final-env-texmfdist/fonts/type1/public/lm/
lmsy9.pfb></nix/store/nzbg9jc7zxcp7nj518xkgiq9nq9hljm5-texlive-2025-r78234-fina
l-env-texmfdist/fonts/type1/public/lm/lmtt10.pfb></nix/store/nzbg9jc7zxcp7nj518
xkgiq9nq9hljm5-texlive-2025-r78234-final-env-texmfdist/fonts/type1/public/lm/lm
tt9.pfb>
Output written on main.pdf (22 pages, 597366 bytes).
PDF statistics:
 696 PDF objects out of 1000 (max. 8388607)
 599 compressed objects within 6 object streams
 144 named destinations out of 1000 (max. 500000)
 75437 words of extra memory for PDF output out of 89155 (max. 10000000)

